MPLINK 5.09, LINKER
Linker Map File - Created Tue Apr 21 16:50:45 2020

                                 Section Info
                  Section       Type    Address   Location Size(Bytes)
                ---------  ---------  ---------  ---------  ---------
                   .org_0       code   0x000000    program   0x000044
                   .cinit    romdata   0x000044    program   0x000002
.config_300001_BUILD/DEFAULT/PRODUCTION/LAB4.2.    romdata   0x300001    program   0x000001
.config_300002_BUILD/DEFAULT/PRODUCTION/LAB4.2.    romdata   0x300002    program   0x000001
.config_300003_BUILD/DEFAULT/PRODUCTION/LAB4.2.    romdata   0x300003    program   0x000001
.config_300005_BUILD/DEFAULT/PRODUCTION/LAB4.2.    romdata   0x300005    program   0x000001
.config_300006_BUILD/DEFAULT/PRODUCTION/LAB4.2.    romdata   0x300006    program   0x000001
.config_300008_BUILD/DEFAULT/PRODUCTION/LAB4.2.    romdata   0x300008    program   0x000001
.config_300009_BUILD/DEFAULT/PRODUCTION/LAB4.2.    romdata   0x300009    program   0x000001
.config_30000A_BUILD/DEFAULT/PRODUCTION/LAB4.2.    romdata   0x30000a    program   0x000001
.config_30000B_BUILD/DEFAULT/PRODUCTION/LAB4.2.    romdata   0x30000b    program   0x000001
.config_30000C_BUILD/DEFAULT/PRODUCTION/LAB4.2.    romdata   0x30000c    program   0x000001
.config_30000D_BUILD/DEFAULT/PRODUCTION/LAB4.2.    romdata   0x30000d    program   0x000001



                              Program Memory Usage 
                               Start         End      
                           ---------   ---------      
                            0x000000    0x000045      
                            0x300001    0x300003      
                            0x300005    0x300006      
                            0x300008    0x30000d      
            81 out of 33048 program addresses used, program memory utilization is 0%



                              Symbols - Sorted by Name
                     Name    Address   Location    Storage File                     
                ---------  ---------  ---------  --------- ---------                
                     OVER   0x00002e    program     static C:\Users\asus\Desktop\Mikro Lablar\Lab_4.X\lab4.2.asm
                    OVER2   0x000038    program     static C:\Users\asus\Desktop\Mikro Lablar\Lab_4.X\lab4.2.asm
                   TURHAN   0x00001c    program     static C:\Users\asus\Desktop\Mikro Lablar\Lab_4.X\lab4.2.asm



                              Symbols - Sorted by Address
                     Name    Address   Location    Storage File                     
                ---------  ---------  ---------  --------- ---------                
                   TURHAN   0x00001c    program     static C:\Users\asus\Desktop\Mikro Lablar\Lab_4.X\lab4.2.asm
                     OVER   0x00002e    program     static C:\Users\asus\Desktop\Mikro Lablar\Lab_4.X\lab4.2.asm
                    OVER2   0x000038    program     static C:\Users\asus\Desktop\Mikro Lablar\Lab_4.X\lab4.2.asm


