Microchip MPLAB XC8 Compiler V2.10 ()

Linker command line:

-W-3 --edf=C:\Program Files (x86)\Microchip\xc8\v2.10\pic\dat\en_msgs.txt \
  -cs -h+dist/default/production\Lab5.X.production.sym \
  --cmf=dist/default/production\Lab5.X.production.cmf -z -Q18F45K22 \
  -oC:\Users\asus\AppData\Local\Temp\sb50.2 --defsym=__MPLAB_BUILD=1 \
  -Mdist/default/production/Lab5.X.production.map -E1 -ver=XC8 --acfsm=1493 \
  -ASTACK=0D3h-05FFh -pstack=STACK -ACODE=00h-07FFFh -ACONST=00h-07FFFh \
  -ASMALLCONST=0600h-06FFhx122 -AMEDIUMCONST=0600h-07FFFh -ACOMRAM=01h-05Fh \
  -AABS1=00h-05FFh -ABIGRAM=01h-05FFh -ARAM=060h-0FFh,0100h-01FFhx5 \
  -ABANK0=060h-0FFh -ABANK1=0100h-01FFh -ABANK2=0200h-02FFh \
  -ABANK3=0300h-03FFh -ABANK4=0400h-04FFh -ABANK5=0500h-05FFh \
  -ASFR=0F38h-0F5Fh,0F60h-0FFFh \
  -preset_vec=00h,intcode,intcodelo,powerup,init -pramtop=0600h \
  -psmallconst=SMALLCONST -pmediumconst=MEDIUMCONST -pconst=CONST \
  -AFARRAM=00h-00h -ACONFIG=0300000h-030000Dh -pconfig=CONFIG \
  -AIDLOC=0200000h-0200007h -pidloc=IDLOC -AEEDATA=0F00000h-0F000FFh \
  -peeprom_data=EEDATA \
  -prdata=COMRAM,nvrram=COMRAM,nvbit=COMRAM,rbss=COMRAM,rbit=COMRAM \
  -pfarbss=FARRAM,fardata=FARRAM,nvFARRAM=FARRAM \
  -pintsave_regs=BIGRAM,bigbss=BIGRAM,bigdata=BIGRAM -pbss=RAM \
  -pidata=CODE,irdata=CODE,ibigdata=CODE,ifardata=CODE -prparam=COMRAM \
  C:\Users\asus\AppData\Local\Temp\sb50.o \
  dist/default/production\Lab5.X.production.o 

Object code version is 3.11

Machine type is 18F45K22

Call graph: (short form)




                Name                               Link     Load   Length Selector   Space Scale
C:\Users\asus\AppData\Local\Temp\sb50.o
                init                                  0        0        4        0       0
                idloc                            200000   200000        8   200000       0
                config                           300000   300000        E   300000       0
dist/default/production\Lab5.X.production.o
                text0                              6DC8     6DC8     1238     36E4       0
                cstackCOMRAM                         39       39        1        1       1
                cstackBANK0                          60       60       72       60       1
                dataCOMRAM                            1        1       38        1       1
                cinit                              6D6A     6D6A       26     36B5       0
                nvBANK0                              D2       D2        1       60       1
                idataCOMRAM                        6D90     6D90       38     6D90       0

TOTAL           Name                               Link     Load   Length     Space
        CLASS   STACK          

        CLASS   CODE           
                init                                  0        0        4         0
                text0                              6DC8     6DC8     1238         0
                cinit                              6D6A     6D6A       26         0
                idataCOMRAM                        6D90     6D90       38         0

        CLASS   CONST          

        CLASS   SMALLCONST     

        CLASS   MEDIUMCONST    

        CLASS   COMRAM         
                cstackCOMRAM                         39       39        1         1
                dataCOMRAM                            1        1       38         1

        CLASS   ABS1           

        CLASS   BIGRAM         

        CLASS   RAM            

        CLASS   BANK0          
                cstackBANK0                          60       60       72         1
                nvBANK0                              D2       D2        1         1

        CLASS   BANK1          

        CLASS   BANK2          

        CLASS   BANK3          

        CLASS   BANK4          

        CLASS   BANK5          

        CLASS   SFR            

        CLASS   FARRAM         

        CLASS   CONFIG         
                config                           300000   300000        E         0

        CLASS   IDLOC          
                idloc                            200000   200000        8         0

        CLASS   EEDATA         



SEGMENTS        Name                           Load    Length   Top    Selector   Space  Class

                reset_vec                      000000  000004  000004         0       0  CODE    
                dataCOMRAM                     000001  000039  00003A         1       1  COMRAM  
                cstackBANK0                    000060  000073  0000D3        60       1  BANK0   
                cinit                          006D6A  000026  006D90      36B5       0  CODE    
                idataCOMRAM                    006D90  000038  006DC8      6D90       0  CODE    
                text0                          006DC8  001238  008000      36E4       0  CODE    
                idloc                          200000  000008  200008    200000       0  IDLOC   
                config                         300000  00000E  30000E    300000       0  CONFIG  


UNUSED ADDRESS RANGES

        Name                Unused          Largest block    Delta
        BANK0            0000D3-0000FF               2D
        BANK1            000100-0001FF              100
        BANK2            000200-0002FF              100
        BANK3            000300-0003FF              100
        BANK4            000400-0004FF              100
        BANK5            000500-0005FF              100
        BIGRAM           00003A-00005F               26
                         0000D3-0005FF              52D
        CODE             000004-006D69             6D66
        COMRAM           00003A-00005F               26
        CONST            000004-006D69             6D66
        EEDATA           F00000-F000FF              100
        MEDIUMCONST      000600-006D69             676A
        RAM              0000D3-0005FF              100
        SFR              000F38-000FFF               28
        SMALLCONST       000600-006D69              100
        STACK            0000D3-0005FF              52D

                                  Symbol Table

_PORTA                   (abs)        000F80
_PORTAbits               (abs)        000F80
_PORTB                   (abs)        000F81
_TRISA                   (abs)        000F92
_TRISB                   (abs)        000F93
__HRAM                   (abs)        000000
__Habs1                  abs1         000000
__Hbank0                 bank0        000000
__Hbank1                 bank1        000000
__Hbank2                 bank2        000000
__Hbank3                 bank3        000000
__Hbank4                 bank4        000000
__Hbank5                 bank5        000000
__Hbigbss                bigbss       000000
__Hbigdata               bigdata      000000
__Hbigram                bigram       000000
__Hbss                   bss          000000
__Hcinit                 cinit        000000
__Hclrtext               clrtext      000000
__Hcomram                comram       000000
__Hconfig                config       30000E
__Hconst                 const        000000
__HcstackBANK0           cstackBANK0  000000
__HcstackCOMRAM          cstackCOMRAM 000000
__Hdata                  data         000000
__HdataCOMRAM            dataCOMRAM   000000
__Heeprom_data           eeprom_data  000000
__Hfarbss                farbss       000000
__Hfardata               fardata      000000
__Hibigdata              ibigdata     000000
__Hidata                 idata        000000
__HidataCOMRAM           idataCOMRAM  000000
__Hidloc                 idloc        200008
__Hifardata              ifardata     000000
__Hinit                  init         000004
__Hintcode               intcode      000000
__Hintcode_body          intcode_body 000000
__Hintcodelo             intcodelo    000000
__Hintentry              intentry     000000
__Hintret                intret       000000
__Hintsave_regs          intsave_regs 000000
__Hirdata                irdata       000000
__Hmediumconst           mediumconst  000000
__HnvBANK0               nvBANK0      000000
__HnvFARRAM              nvFARRAM     000000
__Hnvbit                 nvbit        000000
__Hnvrram                nvrram       000000
__Hparam                 rparam       000000
__Hpowerup               powerup      000000
__Hram                   ram          000000
__Hramtop                ramtop       000600
__Hrbit                  rbit         000000
__Hrbss                  rbss         000000
__Hrdata                 rdata        000000
__Hreset_vec             reset_vec    000000
__Hrparam                rparam       000000
__Hsfr                   sfr          000000
__Hsmallconst            smallconst   000000
__Hspace_0               (abs)        30000E
__Hspace_1               (abs)        0000D3
__Hspace_2               (abs)        000000
__Hstack                 stack        000000
__Hstruct                struct       000000
__Htemp                  temp         000000
__Htext                  text         000000
__Htext0                 text0        000000
__LRAM                   (abs)        000001
__Labs1                  abs1         000000
__Lbank0                 bank0        000000
__Lbank1                 bank1        000000
__Lbank2                 bank2        000000
__Lbank3                 bank3        000000
__Lbank4                 bank4        000000
__Lbank5                 bank5        000000
__Lbigbss                bigbss       000000
__Lbigdata               bigdata      000000
__Lbigram                bigram       000000
__Lbss                   bss          000000
__Lcinit                 cinit        000000
__Lclrtext               clrtext      000000
__Lcomram                comram       000000
__Lconfig                config       300000
__Lconst                 const        000000
__LcstackBANK0           cstackBANK0  000000
__LcstackCOMRAM          cstackCOMRAM 000000
__Ldata                  data         000000
__LdataCOMRAM            dataCOMRAM   000000
__Leeprom_data           eeprom_data  000000
__Lfarbss                farbss       000000
__Lfardata               fardata      000000
__Libigdata              ibigdata     000000
__Lidata                 idata        000000
__LidataCOMRAM           idataCOMRAM  000000
__Lidloc                 idloc        200000
__Lifardata              ifardata     000000
__Linit                  init         000000
__Lintcode               intcode      000000
__Lintcode_body          intcode_body 000000
__Lintcodelo             intcodelo    000000
__Lintentry              intentry     000000
__Lintret                intret       000000
__Lintsave_regs          intsave_regs 000000
__Lirdata                irdata       000000
__Lmediumconst           mediumconst  000000
__LnvBANK0               nvBANK0      000000
__LnvFARRAM              nvFARRAM     000000
__Lnvbit                 nvbit        000000
__Lnvrram                nvrram       000000
__Lparam                 rparam       000000
__Lpowerup               powerup      000000
__Lram                   ram          000000
__Lramtop                ramtop       000600
__Lrbit                  rbit         000000
__Lrbss                  rbss         000000
__Lrdata                 rdata        000000
__Lreset_vec             reset_vec    000000
__Lrparam                rparam       000000
__Lsfr                   sfr          000000
__Lsmallconst            smallconst   000000
__Lspace_0               (abs)        000000
__Lspace_1               (abs)        000000
__Lspace_2               (abs)        000000
__Lstack                 stack        000000
__Lstruct                struct       000000
__Ltemp                  temp         000000
__Ltext                  text         000000
__Ltext0                 text0        000000
__S0                     (abs)        30000E
__S1                     (abs)        0000D3
__S2                     (abs)        000000
___inthi_sp              stack        000000
___intlo_sp              stack        000000
___param_bank            (abs)        000000
___rparam_used           (abs)        000001
___sp                    stack        000000
__accesstop              (abs)        000060
__activetblptr           (abs)        000000
__end_of__initialization cinit        006D8A
__end_of_main            text0        008000
__initialization         cinit        006D6A
__mediumconst            mediumconst  000000
__pcinit                 cinit        006D6A
__pcstackBANK0           cstackBANK0  000060
__pcstackCOMRAM          cstackCOMRAM 000039
__pdataCOMRAM            dataCOMRAM   000001
__pidataCOMRAM           idataCOMRAM  006D90
__pnvBANK0               nvBANK0      0000D2
__ptext0                 text0        006DC8
__ramtop                 ramtop       000600
__size_of_main           (abs)        000000
__smallconst             smallconst   000000
_main                    text0        006DC8
end_of_initialization    cinit        006D8A
intlevel0                text         000000
intlevel1                text         000000
intlevel2                text         000000
intlevel3                text         000000
main@F5954               dataCOMRAM   000001
main@flow                nvBANK0      0000D2
main@i                   cstackBANK0  000062
main@i_197               cstackBANK0  000064
main@i_198               cstackBANK0  000066
main@i_199               cstackBANK0  000068
main@i_200               cstackBANK0  00006A
main@i_201               cstackBANK0  00006C
main@i_202               cstackBANK0  00006E
main@i_203               cstackBANK0  000070
main@i_204               cstackBANK0  000072
main@i_205               cstackBANK0  000074
main@i_206               cstackBANK0  000076
main@i_207               cstackBANK0  000078
main@i_208               cstackBANK0  00007A
main@i_209               cstackBANK0  00007C
main@i_210               cstackBANK0  00007E
main@i_211               cstackBANK0  000080
main@i_212               cstackBANK0  000082
main@i_213               cstackBANK0  000084
main@i_214               cstackBANK0  000086
main@i_215               cstackBANK0  000088
main@i_216               cstackBANK0  00008A
main@i_217               cstackBANK0  00008C
main@i_218               cstackBANK0  00008E
main@i_219               cstackBANK0  000090
main@i_220               cstackBANK0  000092
main@i_221               cstackBANK0  000094
main@i_222               cstackBANK0  000096
main@i_223               cstackBANK0  000098
main@seg                 cstackBANK0  00009A
stackhi                  (abs)        0005FF
stacklo                  (abs)        0000D3
start                    init         000000
start_initialization     cinit        006D6A


FUNCTION INFORMATION:

 *************** function _main *****************
 Defined at:
		line 10 in file "lab5_Soru2.c"
 Parameters:    Size  Location     Type
		None
 Auto vars:     Size  Location     Type
  i               2   56[BANK0 ] int 
  i               2   54[BANK0 ] int 
  i               2   52[BANK0 ] int 
  i               2   50[BANK0 ] int 
  i               2   48[BANK0 ] int 
  i               2   46[BANK0 ] int 
  i               2   44[BANK0 ] int 
  i               2   42[BANK0 ] int 
  i               2   40[BANK0 ] int 
  i               2   38[BANK0 ] int 
  i               2   36[BANK0 ] int 
  i               2   34[BANK0 ] int 
  i               2   32[BANK0 ] int 
  i               2   30[BANK0 ] int 
  i               2   28[BANK0 ] int 
  i               2   26[BANK0 ] int 
  i               2   24[BANK0 ] int 
  i               2   22[BANK0 ] int 
  i               2   20[BANK0 ] int 
  i               2   18[BANK0 ] int 
  i               2   16[BANK0 ] int 
  i               2   14[BANK0 ] int 
  i               2   12[BANK0 ] int 
  i               2   10[BANK0 ] int 
  i               2    8[BANK0 ] int 
  i               2    6[BANK0 ] int 
  i               2    4[BANK0 ] int 
  i               2    2[BANK0 ] int 
  seg            56   58[BANK0 ] unsigned int [28]
  a               2    0        int 
 Return value:  Size  Location     Type
                  1    wreg      void 
 Registers used:
		wreg, fsr1l, fsr1h, fsr2l, fsr2h, status,2, status,0
 Tracked objects:
		On entry : 
		On exit  : 
		Unchanged: 
 Data sizes:     COMRAM   BANK0   BANK1   BANK2   BANK3   BANK4   BANK5
      Params:         0       0       0       0       0       0       0
      Locals:         0     114       0       0       0       0       0
      Temps:          1       0       0       0       0       0       0
      Totals:         1     114       0       0       0       0       0
Total ram usage:      115 bytes
 This function calls:
		Nothing
 This function is called by:
		Startup code after reset
 This function uses a non-reentrant model



MODULE INFORMATION

Module		Function		Class		Link	Load	Size
lab5_Soru2.c
		_main          		CODE           	6DC8	0000	4665

lab5_Soru2.c estimated size: 4665

shared
		__initialization		CODE           	6D6A	0000	33

shared estimated size: 33

