MPLINK 5.09, LINKER
Linker Map File - Created Thu Mar 12 12:01:23 2020

                                 Section Info
                  Section       Type    Address   Location Size(Bytes)
                ---------  ---------  ---------  ---------  ---------
                   .org_0       code   0x000000    program   0x000184
                   .cinit    romdata   0x000184    program   0x000002
.config_300001_BUILD/DEFAULT/PRODUCTION/_EXT/16    romdata   0x300001    program   0x000001
.config_300002_BUILD/DEFAULT/PRODUCTION/_EXT/16    romdata   0x300002    program   0x000001
.config_300003_BUILD/DEFAULT/PRODUCTION/_EXT/16    romdata   0x300003    program   0x000001
.config_300005_BUILD/DEFAULT/PRODUCTION/_EXT/16    romdata   0x300005    program   0x000001
.config_300006_BUILD/DEFAULT/PRODUCTION/_EXT/16    romdata   0x300006    program   0x000001
.config_300008_BUILD/DEFAULT/PRODUCTION/_EXT/16    romdata   0x300008    program   0x000001
.config_300009_BUILD/DEFAULT/PRODUCTION/_EXT/16    romdata   0x300009    program   0x000001
.config_30000A_BUILD/DEFAULT/PRODUCTION/_EXT/16    romdata   0x30000a    program   0x000001
.config_30000B_BUILD/DEFAULT/PRODUCTION/_EXT/16    romdata   0x30000b    program   0x000001
.config_30000C_BUILD/DEFAULT/PRODUCTION/_EXT/16    romdata   0x30000c    program   0x000001
.config_30000D_BUILD/DEFAULT/PRODUCTION/_EXT/16    romdata   0x30000d    program   0x000001



                              Program Memory Usage 
                               Start         End      
                           ---------   ---------      
                            0x000000    0x000185      
                            0x300001    0x300003      
                            0x300005    0x300006      
                            0x300008    0x30000d      
            401 out of 33048 program addresses used, program memory utilization is 1%



                              Symbols - Sorted by Name
                     Name    Address   Location    Storage File                     
                ---------  ---------  ---------  --------- ---------                
                    AGAIN   0x000082    program     static ..\Lab3_çalýþan_kodlar\Lab_3.1.asm
                   AGAIN2   0x0000ea    program     static ..\Lab3_çalýþan_kodlar\Lab_3.1.asm
                   AGAIN3   0x000132    program     static ..\Lab3_çalýþan_kodlar\Lab_3.1.asm
                    DELAY   0x000166    program     static ..\Lab3_çalýþan_kodlar\Lab_3.1.asm
                     For3   0x000172    program     static ..\Lab3_çalýþan_kodlar\Lab_3.1.asm
                     For4   0x00016e    program     static ..\Lab3_çalýþan_kodlar\Lab_3.1.asm
                     For5   0x00016a    program     static ..\Lab3_çalýþan_kodlar\Lab_3.1.asm
                     LOP1   0x00002c    program     static ..\Lab3_çalýþan_kodlar\Lab_3.1.asm
                    LOP10   0x000102    program     static ..\Lab3_çalýþan_kodlar\Lab_3.1.asm
                    LOP11   0x000112    program     static ..\Lab3_çalýþan_kodlar\Lab_3.1.asm
                    LOP12   0x000122    program     static ..\Lab3_çalýþan_kodlar\Lab_3.1.asm
                    LOP13   0x00013a    program     static ..\Lab3_çalýþan_kodlar\Lab_3.1.asm
                    LOP14   0x000150    program     static ..\Lab3_çalýþan_kodlar\Lab_3.1.asm
                     LOP2   0x000040    program     static ..\Lab3_çalýþan_kodlar\Lab_3.1.asm
                     LOP3   0x000056    program     static ..\Lab3_çalýþan_kodlar\Lab_3.1.asm
                     LOP4   0x00006c    program     static ..\Lab3_çalýþan_kodlar\Lab_3.1.asm
                     LOP5   0x000092    program     static ..\Lab3_çalýþan_kodlar\Lab_3.1.asm
                     LOP6   0x0000ae    program     static ..\Lab3_çalýþan_kodlar\Lab_3.1.asm
                     LOP7   0x0000c0    program     static ..\Lab3_çalýþan_kodlar\Lab_3.1.asm
                     LOP8   0x0000dc    program     static ..\Lab3_çalýþan_kodlar\Lab_3.1.asm
                     LOP9   0x0000f2    program     static ..\Lab3_çalýþan_kodlar\Lab_3.1.asm
                    Start   0x000012    program     static ..\Lab3_çalýþan_kodlar\Lab_3.1.asm



                              Symbols - Sorted by Address
                     Name    Address   Location    Storage File                     
                ---------  ---------  ---------  --------- ---------                
                    Start   0x000012    program     static ..\Lab3_çalýþan_kodlar\Lab_3.1.asm
                     LOP1   0x00002c    program     static ..\Lab3_çalýþan_kodlar\Lab_3.1.asm
                     LOP2   0x000040    program     static ..\Lab3_çalýþan_kodlar\Lab_3.1.asm
                     LOP3   0x000056    program     static ..\Lab3_çalýþan_kodlar\Lab_3.1.asm
                     LOP4   0x00006c    program     static ..\Lab3_çalýþan_kodlar\Lab_3.1.asm
                    AGAIN   0x000082    program     static ..\Lab3_çalýþan_kodlar\Lab_3.1.asm
                     LOP5   0x000092    program     static ..\Lab3_çalýþan_kodlar\Lab_3.1.asm
                     LOP6   0x0000ae    program     static ..\Lab3_çalýþan_kodlar\Lab_3.1.asm
                     LOP7   0x0000c0    program     static ..\Lab3_çalýþan_kodlar\Lab_3.1.asm
                     LOP8   0x0000dc    program     static ..\Lab3_çalýþan_kodlar\Lab_3.1.asm
                   AGAIN2   0x0000ea    program     static ..\Lab3_çalýþan_kodlar\Lab_3.1.asm
                     LOP9   0x0000f2    program     static ..\Lab3_çalýþan_kodlar\Lab_3.1.asm
                    LOP10   0x000102    program     static ..\Lab3_çalýþan_kodlar\Lab_3.1.asm
                    LOP11   0x000112    program     static ..\Lab3_çalýþan_kodlar\Lab_3.1.asm
                    LOP12   0x000122    program     static ..\Lab3_çalýþan_kodlar\Lab_3.1.asm
                   AGAIN3   0x000132    program     static ..\Lab3_çalýþan_kodlar\Lab_3.1.asm
                    LOP13   0x00013a    program     static ..\Lab3_çalýþan_kodlar\Lab_3.1.asm
                    LOP14   0x000150    program     static ..\Lab3_çalýþan_kodlar\Lab_3.1.asm
                    DELAY   0x000166    program     static ..\Lab3_çalýþan_kodlar\Lab_3.1.asm
                     For5   0x00016a    program     static ..\Lab3_çalýþan_kodlar\Lab_3.1.asm
                     For4   0x00016e    program     static ..\Lab3_çalýþan_kodlar\Lab_3.1.asm
                     For3   0x000172    program     static ..\Lab3_çalýþan_kodlar\Lab_3.1.asm


