MPLINK 5.09, LINKER
Linker Map File - Created Wed Apr 22 00:20:16 2020

                                 Section Info
                  Section       Type    Address   Location Size(Bytes)
                ---------  ---------  ---------  ---------  ---------
                   .org_0       code   0x000000    program   0x0003e0
                   .org_1       code   0x000400    program   0x00000c
                   .cinit    romdata   0x00040c    program   0x000002
                   .org_2       code   0x000410    program   0x000006
                   .org_3       code   0x000420    program   0x000008
                   .org_4       code   0x000430    program   0x000006
                   .org_5       code   0x000440    program   0x000008
                   .org_6       code   0x000450    program   0x000010
                   .org_7       code   0x000460    program   0x000010
                   .org_8       code   0x000470    program   0x000010
                   .org_9       code   0x000480    program   0x000010
                  .org_10       code   0x000490    program   0x000010
.config_300001_BUILD/DEFAULT/DEBUG/LAB4.BONUS.O    romdata   0x300001    program   0x000001
.config_300002_BUILD/DEFAULT/DEBUG/LAB4.BONUS.O    romdata   0x300002    program   0x000001
.config_300003_BUILD/DEFAULT/DEBUG/LAB4.BONUS.O    romdata   0x300003    program   0x000001
.config_300005_BUILD/DEFAULT/DEBUG/LAB4.BONUS.O    romdata   0x300005    program   0x000001
.config_300006_BUILD/DEFAULT/DEBUG/LAB4.BONUS.O    romdata   0x300006    program   0x000001
.config_300008_BUILD/DEFAULT/DEBUG/LAB4.BONUS.O    romdata   0x300008    program   0x000001
.config_300009_BUILD/DEFAULT/DEBUG/LAB4.BONUS.O    romdata   0x300009    program   0x000001
.config_30000A_BUILD/DEFAULT/DEBUG/LAB4.BONUS.O    romdata   0x30000a    program   0x000001
.config_30000B_BUILD/DEFAULT/DEBUG/LAB4.BONUS.O    romdata   0x30000b    program   0x000001
.config_30000C_BUILD/DEFAULT/DEBUG/LAB4.BONUS.O    romdata   0x30000c    program   0x000001
.config_30000D_BUILD/DEFAULT/DEBUG/LAB4.BONUS.O    romdata   0x30000d    program   0x000001



                              Program Memory Usage 
                               Start         End      
                           ---------   ---------      
                            0x000000    0x0003df      
                            0x000400    0x00040d      
                            0x000410    0x000415      
                            0x000420    0x000427      
                            0x000430    0x000435      
                            0x000440    0x000447      
                            0x000450    0x00049f      
                            0x300001    0x300003      
                            0x300005    0x300006      
                            0x300008    0x30000d      
            1125 out of 33048 program addresses used, program memory utilization is 3%



                              Symbols - Sorted by Name
                     Name    Address   Location    Storage File                     
                ---------  ---------  ---------  --------- ---------                
                     HERE   0x0003dc    program     static C:\Users\asus\Desktop\Mikro Lablar\Lab_4.X\Lab4.Bonus.asm
                   MYDATA   0x000400    program     static C:\Users\asus\Desktop\Mikro Lablar\Lab_4.X\Lab4.Bonus.asm
                  MYDATA1   0x000410    program     static C:\Users\asus\Desktop\Mikro Lablar\Lab_4.X\Lab4.Bonus.asm
                  MYDATA2   0x000420    program     static C:\Users\asus\Desktop\Mikro Lablar\Lab_4.X\Lab4.Bonus.asm
                  MYDATA3   0x000430    program     static C:\Users\asus\Desktop\Mikro Lablar\Lab_4.X\Lab4.Bonus.asm
                  MYDATA4   0x000440    program     static C:\Users\asus\Desktop\Mikro Lablar\Lab_4.X\Lab4.Bonus.asm
                  MYDATA5   0x000450    program     static C:\Users\asus\Desktop\Mikro Lablar\Lab_4.X\Lab4.Bonus.asm
                  MYDATA6   0x000460    program     static C:\Users\asus\Desktop\Mikro Lablar\Lab_4.X\Lab4.Bonus.asm
                  MYDATA7   0x000470    program     static C:\Users\asus\Desktop\Mikro Lablar\Lab_4.X\Lab4.Bonus.asm
                  MYDATA8   0x000480    program     static C:\Users\asus\Desktop\Mikro Lablar\Lab_4.X\Lab4.Bonus.asm
                  MYDATA9   0x000490    program     static C:\Users\asus\Desktop\Mikro Lablar\Lab_4.X\Lab4.Bonus.asm



                              Symbols - Sorted by Address
                     Name    Address   Location    Storage File                     
                ---------  ---------  ---------  --------- ---------                
                     HERE   0x0003dc    program     static C:\Users\asus\Desktop\Mikro Lablar\Lab_4.X\Lab4.Bonus.asm
                   MYDATA   0x000400    program     static C:\Users\asus\Desktop\Mikro Lablar\Lab_4.X\Lab4.Bonus.asm
                  MYDATA1   0x000410    program     static C:\Users\asus\Desktop\Mikro Lablar\Lab_4.X\Lab4.Bonus.asm
                  MYDATA2   0x000420    program     static C:\Users\asus\Desktop\Mikro Lablar\Lab_4.X\Lab4.Bonus.asm
                  MYDATA3   0x000430    program     static C:\Users\asus\Desktop\Mikro Lablar\Lab_4.X\Lab4.Bonus.asm
                  MYDATA4   0x000440    program     static C:\Users\asus\Desktop\Mikro Lablar\Lab_4.X\Lab4.Bonus.asm
                  MYDATA5   0x000450    program     static C:\Users\asus\Desktop\Mikro Lablar\Lab_4.X\Lab4.Bonus.asm
                  MYDATA6   0x000460    program     static C:\Users\asus\Desktop\Mikro Lablar\Lab_4.X\Lab4.Bonus.asm
                  MYDATA7   0x000470    program     static C:\Users\asus\Desktop\Mikro Lablar\Lab_4.X\Lab4.Bonus.asm
                  MYDATA8   0x000480    program     static C:\Users\asus\Desktop\Mikro Lablar\Lab_4.X\Lab4.Bonus.asm
                  MYDATA9   0x000490    program     static C:\Users\asus\Desktop\Mikro Lablar\Lab_4.X\Lab4.Bonus.asm


